2021-12-05 13:12:11,500 20916 INFO dev02 odoo.addons.base.models.ir_ui_view: Field "leNomDeLattribut" does not exist in model "res.partner"

View name: res.partner.view.form.inherit.mail
Error context:
 view: ir.ui.view(1786,)
 xmlid: res_partner_view_form_inherit_mail
 view.model: res.partner
 view.parent: ir.ui.view(118,)
 file: c:\users\basil\onedrive - haute ecole bruxelles brabant (he2b)\documents\odoo\odoo-src\odoo-14.0\addons\mail\views\res_partner_views.xml
 
2021-12-05 13:12:11,656 20916 WARNING dev02 odoo.modules.loading: Transient module states were reset 
2021-12-05 13:12:11,656 20916 ERROR dev02 odoo.modules.registry: Failed to load registry 
2021-12-05 13:12:11,656 20916 CRITICAL dev02 odoo.service.server: Failed to initialize database `dev02`. 
Traceback (most recent call last):
  File "C:\Users\basil\OneDrive - Haute Ecole Bruxelles Brabant (HE2B)\Documents\odoo\odoo-src\odoo-14.0\odoo\tools\convert.py", line 677, in _tag_root
    f(rec)
  File "C:\Users\basil\OneDrive - Haute Ecole Bruxelles Brabant (HE2B)\Documents\odoo\odoo-src\odoo-14.0\odoo\tools\convert.py", line 580, in _tag_record
    record = model._load_records([data], self.mode == 'update')
  File "C:\Users\basil\OneDrive - Haute Ecole Bruxelles Brabant (HE2B)\Documents\odoo\odoo-src\odoo-14.0\odoo\models.py", line 4213, in _load_records
    records = self._load_records_create([data['values'] for data in to_create])
  File "C:\Users\basil\OneDrive - Haute Ecole Bruxelles Brabant (HE2B)\Documents\odoo\odoo-src\odoo-14.0\odoo\models.py", line 4142, in _load_records_create
    return self.create(values)
  File "<decorator-gen-43>", line 2, in create
  File "C:\Users\basil\OneDrive - Haute Ecole Bruxelles Brabant (HE2B)\Documents\odoo\odoo-src\odoo-14.0\odoo\api.py", line 345, in _model_create_multi
    return create(self, arg)
  File "C:\Users\basil\OneDrive - Haute Ecole Bruxelles Brabant (HE2B)\Documents\odoo\odoo-src\odoo-14.0\odoo\addons\base\models\ir_ui_view.py", line 482, in create
    return super(View, self).create(vals_list)
  File "<decorator-gen-65>", line 2, in create
  File "C:\Users\basil\OneDrive - Haute Ecole Bruxelles Brabant (HE2B)\Documents\odoo\odoo-src\odoo-14.0\odoo\api.py", line 345, in _model_create_multi
    return create(self, arg)
  File "C:\Users\basil\OneDrive - Haute Ecole Bruxelles Brabant (HE2B)\Documents\odoo\odoo-src\odoo-14.0\odoo\addons\base\models\ir_fields.py", line 534, in create
    recs = super().create(vals_list)
  File "<decorator-gen-13>", line 2, in create
  File "C:\Users\basil\OneDrive - Haute Ecole Bruxelles Brabant (HE2B)\Documents\odoo\odoo-src\odoo-14.0\odoo\api.py", line 345, in _model_create_multi
    return create(self, arg)
  File "C:\Users\basil\OneDrive - Haute Ecole Bruxelles Brabant (HE2B)\Documents\odoo\odoo-src\odoo-14.0\odoo\models.py", line 3903, in create
    fields[0].determine_inverse(batch_recs)
  File "C:\Users\basil\OneDrive - Haute Ecole Bruxelles Brabant (HE2B)\Documents\odoo\odoo-src\odoo-14.0\odoo\fields.py", line 1185, in determine_inverse
    getattr(records, self.inverse)()
  File "C:\Users\basil\OneDrive - Haute Ecole Bruxelles Brabant (HE2B)\Documents\odoo\odoo-src\odoo-14.0\odoo\addons\base\models\ir_ui_view.py", line 300, in _inverse_arch
    view.write(data)
  File "C:\Users\basil\OneDrive - Haute Ecole Bruxelles Brabant (HE2B)\Documents\odoo\odoo-src\odoo-14.0\odoo\addons\base\models\ir_ui_view.py", line 500, in write
    res = super(View, self).write(self._compute_defaults(vals))
  File "C:\Users\basil\OneDrive - Haute Ecole Bruxelles Brabant (HE2B)\Documents\odoo\odoo-src\odoo-14.0\odoo\models.py", line 3687, in write
    real_recs._validate_fields(vals, inverse_fields)
  File "C:\Users\basil\OneDrive - Haute Ecole Bruxelles Brabant (HE2B)\Documents\odoo\odoo-src\odoo-14.0\odoo\models.py", line 1266, in _validate_fields
    check(self)
  File "C:\Users\basil\OneDrive - Haute Ecole Bruxelles Brabant (HE2B)\Documents\odoo\odoo-src\odoo-14.0\odoo\addons\base\models\ir_ui_view.py", line 408, in _check_xml
    raise ValidationError(_(
  File "C:\Users\basil\OneDrive - Haute Ecole Bruxelles Brabant (HE2B)\Documents\odoo\odoo-src\odoo-14.0\odoo\addons\base\models\ir_ui_view.py", line 391, in _check_xml
    view.postprocess_and_fields(view_doc, validate=True)
  File "C:\Users\basil\OneDrive - Haute Ecole Bruxelles Brabant (HE2B)\Documents\odoo\odoo-src\odoo-14.0\odoo\addons\base\models\ir_ui_view.py", line 851, in postprocess_and_fields
    arch, name_manager = self._postprocess_view(node, model, validate=validate)
  File "C:\Users\basil\OneDrive - Haute Ecole Bruxelles Brabant (HE2B)\Documents\odoo\odoo-src\odoo-14.0\odoo\addons\base\models\ir_ui_view.py", line 863, in _postprocess_view
    self.postprocess(node, [], editable, name_manager)
  File "C:\Users\basil\OneDrive - Haute Ecole Bruxelles Brabant (HE2B)\Documents\odoo\odoo-src\odoo-14.0\odoo\addons\base\models\ir_ui_view.py", line 963, in postprocess
    self.postprocess(child, current_node_path, node_info['editable'], name_manager)
  File "C:\Users\basil\OneDrive - Haute Ecole Bruxelles Brabant (HE2B)\Documents\odoo\odoo-src\odoo-14.0\odoo\addons\base\models\ir_ui_view.py", line 963, in postprocess
    self.postprocess(child, current_node_path, node_info['editable'], name_manager)
  File "C:\Users\basil\OneDrive - Haute Ecole Bruxelles Brabant (HE2B)\Documents\odoo\odoo-src\odoo-14.0\odoo\addons\base\models\ir_ui_view.py", line 963, in postprocess
    self.postprocess(child, current_node_path, node_info['editable'], name_manager)
  [Previous line repeated 2 more times]
  File "C:\Users\basil\OneDrive - Haute Ecole Bruxelles Brabant (HE2B)\Documents\odoo\odoo-src\odoo-14.0\odoo\addons\base\models\ir_ui_view.py", line 954, in postprocess
    validator(node, name_manager, node_info)
  File "C:\Users\basil\OneDrive - Haute Ecole Bruxelles Brabant (HE2B)\Documents\odoo\odoo-src\odoo-14.0\odoo\addons\base\models\ir_ui_view.py", line 1090, in _validate_tag_field
    self.handle_view_error(msg)
  File "C:\Users\basil\OneDrive - Haute Ecole Bruxelles Brabant (HE2B)\Documents\odoo\odoo-src\odoo-14.0\odoo\addons\base\models\ir_ui_view.py", line 673, in handle_view_error
    raise ValueError(formatted_message).with_traceback(from_traceback) from from_exception
odoo.exceptions.ValidationError: Error while validating view:

Field "leNomDeLattribut" does not exist in model "res.partner"

View name: res.partner.view.form.inherit.mail
Error context:
 view: ir.ui.view(1786,)
 xmlid: res_partner_view_form_inherit_mail
 view.model: res.partner
 view.parent: ir.ui.view(118,)
 file: c:\users\basil\onedrive - haute ecole bruxelles brabant (he2b)\documents\odoo\odoo-src\odoo-14.0\addons\mail\views\res_partner_views.xml


The above exception was the direct cause of the following exception:

Traceback (most recent call last):
  File "C:\Users\basil\OneDrive - Haute Ecole Bruxelles Brabant (HE2B)\Documents\odoo\odoo-src\odoo-14.0\odoo\service\server.py", line 1199, in preload_registries
    registry = Registry.new(dbname, update_module=update_module)
  File "C:\Users\basil\OneDrive - Haute Ecole Bruxelles Brabant (HE2B)\Documents\odoo\odoo-src\odoo-14.0\odoo\modules\registry.py", line 89, in new
    odoo.modules.load_modules(registry._db, force_demo, status, update_module)
  File "C:\Users\basil\OneDrive - Haute Ecole Bruxelles Brabant (HE2B)\Documents\odoo\odoo-src\odoo-14.0\odoo\modules\loading.py", line 459, in load_modules
    processed_modules += load_marked_modules(cr, graph,
  File "C:\Users\basil\OneDrive - Haute Ecole Bruxelles Brabant (HE2B)\Documents\odoo\odoo-src\odoo-14.0\odoo\modules\loading.py", line 347, in load_marked_modules
    loaded, processed = load_module_graph(
  File "C:\Users\basil\OneDrive - Haute Ecole Bruxelles Brabant (HE2B)\Documents\odoo\odoo-src\odoo-14.0\odoo\modules\loading.py", line 222, in load_module_graph
    load_data(cr, idref, mode, kind='data', package=package)
  File "C:\Users\basil\OneDrive - Haute Ecole Bruxelles Brabant (HE2B)\Documents\odoo\odoo-src\odoo-14.0\odoo\modules\loading.py", line 69, in load_data
    tools.convert_file(cr, package.name, filename, idref, mode, noupdate, kind)
  File "C:\Users\basil\OneDrive - Haute Ecole Bruxelles Brabant (HE2B)\Documents\odoo\odoo-src\odoo-14.0\odoo\tools\convert.py", line 733, in convert_file
    convert_xml_import(cr, module, fp, idref, mode, noupdate)
  File "C:\Users\basil\OneDrive - Haute Ecole Bruxelles Brabant (HE2B)\Documents\odoo\odoo-src\odoo-14.0\odoo\tools\convert.py", line 799, in convert_xml_import
    obj.parse(doc.getroot())
  File "C:\Users\basil\OneDrive - Haute Ecole Bruxelles Brabant (HE2B)\Documents\odoo\odoo-src\odoo-14.0\odoo\tools\convert.py", line 719, in parse
    self._tag_root(de)
  File "C:\Users\basil\OneDrive - Haute Ecole Bruxelles Brabant (HE2B)\Documents\odoo\odoo-src\odoo-14.0\odoo\tools\convert.py", line 677, in _tag_root
    f(rec)
  File "C:\Users\basil\OneDrive - Haute Ecole Bruxelles Brabant (HE2B)\Documents\odoo\odoo-src\odoo-14.0\odoo\tools\convert.py", line 681, in _tag_root
    raise ParseError('while parsing %s:%s, near\n%s' % (
odoo.tools.convert.ParseError: while parsing file:/c:/users/basil/onedrive%20-%20haute%20ecole%20bruxelles%20brabant%20(he2b)/documents/odoo/odoo-src/odoo-14.0/addons/mail/views/res_partner_views.xml:5, near
<record id="res_partner_view_form_inherit_mail" model="ir.ui.view">
            <field name="name">res.partner.view.form.inherit.mail</field>
            <field name="model">res.partner</field>
            <field name="inherit_id" ref="base.view_partner_form"/>
            <field name="arch" type="xml">
                <data><xpath expr="//field[@name='email']" position="replace">
                    <field name="is_blacklisted" invisible="1"/>
                    <label for="email" class="oe_inline"/>
                    <div class="o_row o_row_readonly">
                        <button name="mail_action_blacklist_remove" class="fa fa-ban text-danger" title="This email is blacklisted for mass mailings. Click to unblacklist." type="object" context="{'default_email': email}" groups="base.group_user" attrs="{'invisible': [('is_blacklisted', '=', False)]}"/>
                        <field name="email" widget="email" context="{'gravatar_image': True}" attrs="{'required': [('user_ids','!=', [])]}"/>
                    </div>
                </xpath>
                <xpath expr="//sheet" position="after">
                    <div class="oe_chatter">
                        <field name="message_follower_ids"/>
                        <field name="activity_ids"/>
                        <field name="message_ids"/>
                    </div>
                </xpath>
            </data></field>
        </record>
